// Jest Snapshot v1, https://goo.gl/fbAQLP

exports[`renders correctly 1`] = `
<View
  style={
    Object {
      "alignItems": "center",
      "flex": 1,
    }
  }
>
  <Text
    style={
      Array [
        Object {
          "color": "#000000",
          "fontFamily": "System",
          "fontWeight": "400",
        },
        Object {
          "textAlign": "left",
        },
        Array [
          Object {
            "textAlign": "left",
          },
          Object {
            "color": "rgba(0, 0, 0, 0.54)",
            "fontFamily": "System",
            "fontWeight": "400",
            "writingDirection": "ltr",
          },
          Array [
            Object {
              "fontSize": 12,
              "letterSpacing": 0.4,
              "lineHeight": 20,
              "marginVertical": 2,
            },
            Object {
              "marginTop": "20%",
            },
          ],
        ],
      ]
    }
  >
    Showing next business date from the input date.
  </Text>
  <Text
    style={
      Array [
        Object {
          "color": "#000000",
          "fontFamily": "System",
          "fontWeight": "400",
        },
        Object {
          "textAlign": "left",
        },
        Array [
          Object {
            "textAlign": "left",
          },
          Object {
            "color": "rgba(0, 0, 0, 0.87)",
            "fontFamily": "System",
            "fontWeight": "400",
            "writingDirection": "ltr",
          },
          Array [
            Object {
              "fontSize": 24,
              "letterSpacing": 0,
              "lineHeight": 32,
              "marginVertical": 2,
            },
            undefined,
          ],
        ],
      ]
    }
  >
    May 7th 2021
  </Text>
</View>
`;
